./chisel_rtl/split_rtl/Queue1_MluStage1.sv
./chisel_rtl/split_rtl/CoreCSR.sv
./chisel_rtl/split_rtl/Bru_Verification_Assert.sv
./chisel_rtl/split_rtl/ram_2x8.sv
./chisel_rtl/split_rtl/SRAM_Verification_Assert.sv
./chisel_rtl/split_rtl/RstSync.sv
./chisel_rtl/split_rtl/multi_fifo.sv
./chisel_rtl/split_rtl/FloatCoreWrapper.sv
./chisel_rtl/split_rtl/edff.sv
./chisel_rtl/split_rtl/Queue1_RWAxiAddress.sv
./chisel_rtl/split_rtl/FaultManager.sv
./chisel_rtl/split_rtl/ClockGate.sv
./chisel_rtl/split_rtl/compressor_3_2.sv
./chisel_rtl/split_rtl/Queue3_AxiWriteData.sv
./chisel_rtl/split_rtl/rvv_backend_alu.sv
./chisel_rtl/split_rtl/rvv_backend_dispatch_ctrl.sv
./chisel_rtl/split_rtl/AxiSlave_Verification_Assert.sv
./chisel_rtl/split_rtl/rvv_backend_decode_ctrl.sv
./chisel_rtl/split_rtl/rvv_backend_alu_unit_addsub.sv
./chisel_rtl/split_rtl/rvv_backend_alu_unit_mask_viota32.sv
./chisel_rtl/split_rtl/rvv_backend.sv
./chisel_rtl/split_rtl/Arbiter4_RegfileWriteDataIO.sv
./chisel_rtl/split_rtl/Bru_1_Verification_Assert.sv
./chisel_rtl/split_rtl/fpnew_opgroup_fmt_slice.sv
./chisel_rtl/split_rtl/DispatchV2.sv
./chisel_rtl/split_rtl/rvv_backend_dispatch.sv
./chisel_rtl/split_rtl/SCore_Verification_Assert.sv
./chisel_rtl/split_rtl/ram_3x137.sv
./chisel_rtl/split_rtl/CoralNPURRArbiter.sv
./chisel_rtl/split_rtl/fpnew_top.sv
./chisel_rtl/split_rtl/rvv_backend_div_unit.sv
./chisel_rtl/split_rtl/Sram_512x128.sv
./chisel_rtl/split_rtl/AxiSlave.sv
./chisel_rtl/split_rtl/RvvCore.sv
./chisel_rtl/split_rtl/pa_fdsu_pack_single.sv
./chisel_rtl/split_rtl/fpnew_noncomp.sv
./chisel_rtl/split_rtl/CircularBufferMulti_1.sv
./chisel_rtl/split_rtl/pa_fpu_dp.sv
./chisel_rtl/split_rtl/cdffr.sv
./chisel_rtl/split_rtl/rvv_backend_div.sv
./chisel_rtl/split_rtl/Queue2_AxiAddress.sv
./chisel_rtl/split_rtl/rvv_backend_alu_unit_execution_p1.sv
./chisel_rtl/split_rtl/TCM128.sv
./chisel_rtl/split_rtl/Aligner.sv
./chisel_rtl/split_rtl/rvv_backend_dispatch_bypass.sv
./chisel_rtl/split_rtl/Queue2_AxiWriteResponse.sv
./chisel_rtl/split_rtl/FetchControl.sv
./chisel_rtl/split_rtl/rvv_backend_alu_unit_mask_viota7.sv
./chisel_rtl/split_rtl/Alu_Verification_Assert.sv
./chisel_rtl/split_rtl/rvv_backend_vrf.sv
./chisel_rtl/split_rtl/Regfile.sv
./chisel_rtl/split_rtl/compressor_4_2.sv
./chisel_rtl/split_rtl/CircularBufferMulti_2.sv
./chisel_rtl/split_rtl/Bru.sv
./chisel_rtl/split_rtl/edff_2d.sv
./chisel_rtl/split_rtl/dff.sv
./chisel_rtl/split_rtl/fpnew_classifier.sv
./chisel_rtl/split_rtl/rvv_backend_alu_unit_mask.sv
./chisel_rtl/split_rtl/FabricMux_Verification_Assert.sv
./chisel_rtl/split_rtl/rvv_backend_dispatch_operand.sv
./chisel_rtl/split_rtl/SRAM_1.sv
./chisel_rtl/split_rtl/ram_3x145.sv
./chisel_rtl/split_rtl/Mlu_Verification_Assert.sv
./chisel_rtl/split_rtl/Bru_1.sv
./chisel_rtl/split_rtl/ram_2x37.sv
./chisel_rtl/split_rtl/Arbiter4_MluCmd.sv
./chisel_rtl/split_rtl/CircularBufferMulti_Verification_Assert.sv
./chisel_rtl/split_rtl/TCM128_1.sv
./chisel_rtl/split_rtl/rvv_backend_mul_unit.sv
./chisel_rtl/split_rtl/pa_fdsu_ctrl.sv
./chisel_rtl/split_rtl/rvv_backend_dispatch_raw_uop_uop.sv
./chisel_rtl/split_rtl/rvv_backend_dispatch_structure_hazard.sv
./chisel_rtl/split_rtl/FloatCore.sv
./chisel_rtl/split_rtl/FabricMux.sv
./chisel_rtl/split_rtl/fpnew_fma_multi.sv
./chisel_rtl/split_rtl/Fetcher.sv
./chisel_rtl/split_rtl/CircularBufferMulti.sv
./chisel_rtl/split_rtl/rvv_backend_pmtrdt_unit.sv
./chisel_rtl/split_rtl/rvv_backend_mul_unit_mul8.sv
./chisel_rtl/split_rtl/rr_arb_tree.sv
./chisel_rtl/split_rtl/Alu.sv
./chisel_rtl/split_rtl/fpnew_rounding.sv
./chisel_rtl/split_rtl/SCore.sv
./chisel_rtl/split_rtl/Sram_2048x128.sv
./chisel_rtl/split_rtl/RvvCoreMini.sv
./chisel_rtl/split_rtl/pa_fpu_src_type.sv
./chisel_rtl/split_rtl/rvv_backend_alu_unit.sv
./chisel_rtl/split_rtl/Queue3_AxiReadData.sv
./chisel_rtl/split_rtl/pa_fdsu_round_single.sv
./chisel_rtl/split_rtl/rvv_backend_mulmac.sv
./chisel_rtl/split_rtl/pa_fdsu_srt_single.sv
./chisel_rtl/split_rtl/RetirementBuffer.sv
./chisel_rtl/split_rtl/rvv_backend_decode_unit_ari.sv
./chisel_rtl/split_rtl/FRegfile.sv
./chisel_rtl/split_rtl/RetirementBuffer_Verification_Assert.sv
./chisel_rtl/split_rtl/SRAM_1_Verification_Assert.sv
./chisel_rtl/split_rtl/rvv_backend_decode_unit.sv
./chisel_rtl/split_rtl/pa_fdsu_special.sv
./chisel_rtl/split_rtl/fpnew_divsqrt_th_32.sv
./chisel_rtl/split_rtl/rvv_backend_alu_unit_other.sv
./chisel_rtl/split_rtl/pa_fdsu_top.sv
./chisel_rtl/split_rtl/LsuV2_Verification_Assert.sv
./chisel_rtl/split_rtl/rvv_backend_mac_unit.sv
./chisel_rtl/split_rtl/InstructionBuffer.sv
./chisel_rtl/split_rtl/rvv_backend_alu_unit_shift.sv
./chisel_rtl/split_rtl/SRAM.sv
./chisel_rtl/split_rtl/rvv_backend_vrf_reg.sv
./chisel_rtl/split_rtl/pa_fdsu_ff1.sv
./chisel_rtl/split_rtl/lzc.sv
./chisel_rtl/split_rtl/RvvFrontEnd.sv
./chisel_rtl/split_rtl/Csr_Verification_Assert.sv
./chisel_rtl/split_rtl/LsuV2.sv
./chisel_rtl/split_rtl/rvv_backend_div_unit_divider.sv
./chisel_rtl/split_rtl/RvvCoreMiniAxi.sv
./chisel_rtl/split_rtl/UncachedFetch.sv
./chisel_rtl/split_rtl/pa_fpu_frbus.sv
./chisel_rtl/split_rtl/FRegfile_Verification_Assert.sv
./chisel_rtl/split_rtl/CircularBufferMulti_2_Verification_Assert.sv
./chisel_rtl/split_rtl/Csr.sv
./chisel_rtl/split_rtl/fpnew_fma.sv
./chisel_rtl/split_rtl/ram_2x67.sv
./chisel_rtl/split_rtl/FetchControl_Verification_Assert.sv
./chisel_rtl/split_rtl/rvv_backend_lsu_remap.sv
./chisel_rtl/split_rtl/Aligner_119_4.sv
./chisel_rtl/split_rtl/FabricArbiter_Verification_Assert.sv
./chisel_rtl/split_rtl/fpnew_opgroup_multifmt_slice.sv
./chisel_rtl/split_rtl/InstructionBuffer_Verification_Assert.sv
./chisel_rtl/split_rtl/DBus2AxiV2.sv
./chisel_rtl/split_rtl/Regfile_Verification_Assert.sv
./chisel_rtl/split_rtl/DispatchV2_Verification_Assert.sv
./chisel_rtl/split_rtl/rvv_backend_decode.sv
./chisel_rtl/split_rtl/rvv_backend_retire.sv
./chisel_rtl/split_rtl/Queue2_RegfileWriteDataIO.sv
./chisel_rtl/split_rtl/RvvCoreShim.sv
./chisel_rtl/split_rtl/RvvCoreWrapper.sv
./chisel_rtl/split_rtl/Dvu.sv
./chisel_rtl/split_rtl/rvv_backend_decode_unit_lsu.sv
./chisel_rtl/split_rtl/fpnew_opgroup_block.sv
./chisel_rtl/split_rtl/rvv_backend_rob.sv
./chisel_rtl/split_rtl/Queue1_MluStage2.sv
./chisel_rtl/split_rtl/SRAM_512x128.sv
./chisel_rtl/split_rtl/DBus2AxiV2_Verification_Assert.sv
./chisel_rtl/split_rtl/Mlu.sv
./chisel_rtl/split_rtl/Queue2_AxiWriteData.sv
./chisel_rtl/split_rtl/ram_2x145.sv
./chisel_rtl/split_rtl/rvv_backend_pmtrdt.sv
./chisel_rtl/split_rtl/SRAM_2048x128.sv
./chisel_rtl/split_rtl/pa_fdsu_prepare.sv
./chisel_rtl/split_rtl/rvv_backend_dispatch_opr_byte_type.sv
./chisel_rtl/split_rtl/CircularBufferMulti_1_Verification_Assert.sv
./chisel_rtl/split_rtl/rvv_backend_dispatch_raw_uop_rob.sv
./chisel_rtl/split_rtl/gated_clk_cell.sv
./chisel_rtl/split_rtl/Queue1_FloatInstruction.sv
./chisel_rtl/split_rtl/FabricArbiter.sv
./chisel_rtl/split_rtl/rvv_backend_alu_unit_mask_viota4.sv
./chisel_rtl/split_rtl/fpnew_cast_multi.sv
./RvvCoreMiniAxi.sv
./verilog/RstSync.sv
./verilog/Sram_1rwm_256x288.v
./verilog/ClockGate.sv
./verilog/Sram_1rw_256x256.v
./verilog/RstSync_tb.sv
./verilog/Sram_512x128.v
./verilog/Sram_2048x128.v
./verilog/Sram_12ffcp_128x128.v
./verilog/rvv/design/rvv_backend_alu.sv
./verilog/rvv/design/rvv_backend_dispatch_ctrl.sv
./verilog/rvv/design/rvv_backend_decode_ctrl.sv
./verilog/rvv/design/rvv_backend_alu_unit_addsub.sv
./verilog/rvv/design/rvv_backend.sv
./verilog/rvv/design/rvv_backend_alu_unit_mask_viota.sv
./verilog/rvv/design/rvv_backend_dispatch.sv
./verilog/rvv/design/rvv_backend_div_unit.sv
./verilog/rvv/design/RvvCore.sv
./verilog/rvv/design/Aligner_tb.sv
./verilog/rvv/design/rvv_backend_div.sv
./verilog/rvv/design/rvv_backend_alu_unit_execution_p1.sv
./verilog/rvv/design/MultiFifo_tb.sv
./verilog/rvv/design/Aligner.sv
./verilog/rvv/design/rvv_backend_dispatch_bypass.sv
./verilog/rvv/design/rvv_backend_vrf.sv
./verilog/rvv/design/rvv_backend_alu_unit_mask.sv
./verilog/rvv/design/rvv_backend_dispatch_operand.sv
./verilog/rvv/design/rvv_backend_mul_unit.sv
./verilog/rvv/design/rvv_backend_dispatch_raw_uop_uop.sv
./verilog/rvv/design/rvv_backend_dispatch_structure_hazard.sv
./verilog/rvv/design/rvv_backend_pmtrdt_unit.sv
./verilog/rvv/design/rvv_backend_mul_unit_mul8.sv
./verilog/rvv/design/rvv_backend_alu_unit.sv
./verilog/rvv/design/rvv_backend_mulmac.sv
./verilog/rvv/design/rvv_backend_decode_unit_ari.sv
./verilog/rvv/design/rvv_backend_decode_unit.sv
./verilog/rvv/design/rvv_backend_alu_unit_other.sv
./verilog/rvv/design/rvv_backend_mac_unit.sv
./verilog/rvv/design/rvv_backend_alu_unit_shift.sv
./verilog/rvv/design/rvv_backend_vrf_reg.sv
./verilog/rvv/design/MultiFifo.sv
./verilog/rvv/design/RvvFrontEnd.sv
./verilog/rvv/design/rvv_backend_div_unit_divider.sv
./verilog/rvv/design/rvv_backend_lsu_remap.sv
./verilog/rvv/design/rvv_backend_decode.sv
./verilog/rvv/design/rvv_backend_retire.sv
./verilog/rvv/design/rvv_backend_decode_unit_lsu.sv
./verilog/rvv/design/rvv_backend_rob.sv
./verilog/rvv/design/rvv_backend_pmtrdt.sv
./verilog/rvv/design/rvv_backend_dispatch_opr_byte_type.sv
./verilog/rvv/design/rvv_backend_dispatch_raw_uop_rob.sv
./verilog/rvv/rvv_vrf_reg.sv
./verilog/rvv/common/multi_fifo.sv
./verilog/rvv/common/edff.sv
./verilog/rvv/common/compressor_3_2.sv
./verilog/rvv/common/fifo_flopped_4w2r.sv
./verilog/rvv/common/fifo_flopped_2w2r.sv
./verilog/rvv/common/cdffr.sv
./verilog/rvv/common/openFifo8_flopped_2w2r.sv
./verilog/rvv/common/openFifo4_flopped_ptr.sv
./verilog/rvv/common/compressor_4_2.sv
./verilog/rvv/common/edff_2d.sv
./verilog/rvv/common/dff.sv
./verilog/rvv/common/fifo_flopped.sv
./verilog/rvv/sve/rvv_fifo_tb/tests/rvv_fifo_tb_mod.sv
./verilog/rvv/sve/rvv_fifo_tb/tests/rvv_fifo_test.sv
./verilog/rvv/sve/rvv_fifo_tb/hdl/rvv_fifo_top.sv
./verilog/rvv/sve/rvv_fifo_tb/src/mon_2cov.sv
./verilog/rvv/sve/rvv_fifo_tb/src/pop_agent_push_transaction.sv
./verilog/rvv/sve/rvv_fifo_tb/src/pop_agent_pop_sequencer.sv
./verilog/rvv/sve/rvv_fifo_tb/src/push_agent_push_driver.sv
./verilog/rvv/sve/rvv_fifo_tb/src/push_agent_push_interface.sv
./verilog/rvv/sve/rvv_fifo_tb/src/check_transaction.sv
./verilog/rvv/sve/rvv_fifo_tb/src/push_agent_push_sequencer.sv
./verilog/rvv/sve/rvv_fifo_tb/src/data_check.sv
./verilog/rvv/sve/rvv_fifo_tb/src/pop_sequencer_sequence_library.sv
./verilog/rvv/sve/rvv_fifo_tb/src/push_agent_push_monitor.sv
./verilog/rvv/sve/rvv_fifo_tb/src/rvv_fifo_cov.sv
./verilog/rvv/sve/rvv_fifo_tb/src/rvv_fifo_cfg.sv
./verilog/rvv/sve/rvv_fifo_tb/src/push_agent_push_transaction.sv
./verilog/rvv/sve/rvv_fifo_tb/src/pop_agent_pop_interface.sv
./verilog/rvv/sve/rvv_fifo_tb/src/pop_agent_pop_monitor.sv
./verilog/rvv/sve/rvv_fifo_tb/src/push_agent_sequence_library.sv
./verilog/rvv/sve/rvv_fifo_tb/src/pop_agent_pop_driver.sv
./verilog/rvv/sve/rvv_fifo_tb/env/rvv_fifo_env.sv
./verilog/rvv/sve/rvv_fifo_tb/env/push_agent.sv
./verilog/rvv/sve/rvv_fifo_tb/env/pop_agent.sv
./verilog/rvv/sve/rvv_fifo_tb/include/rvv_fifo.sv
./verilog/rvv/sve/rvv_fifo_tb/include/rvv_fifo_param.sv
./verilog/rvv/sve/rvv_backend_tb/tests/rvv_backend_tb_mod.sv
./verilog/rvv/sve/rvv_backend_tb/tests/rvv_backend_test.sv
./verilog/rvv/sve/rvv_backend_tb/tests/rvv_backend_random_test.sv
./verilog/rvv/sve/rvv_backend_tb/tests/rvv_backend_corner_test.sv
./verilog/rvv/sve/rvv_backend_tb/hdl/rvv_backend_top.sv
./verilog/rvv/sve/rvv_backend_tb/hdl/rvv_interface_cov.sv
./verilog/rvv/sve/rvv_backend_tb/src/rvs_agent_sequence_library.sv
./verilog/rvv/sve/rvv_backend_tb/src/rvv_inst_sequence_library.sv
./verilog/rvv/sve/rvv_backend_tb/src/rvv_scoreboard.sv
./verilog/rvv/sve/rvv_backend_tb/src/rvv_mem.sv
./verilog/rvv/sve/rvv_backend_tb/src/rvv_cfg.sv
./verilog/rvv/sve/rvv_backend_tb/src/rvs_agent_rvs_transaction.sv
./verilog/rvv/sve/rvv_backend_tb/src/lsu_agent_lsu_transaction.sv
./verilog/rvv/sve/rvv_backend_tb/src/rvs_agent_rvs_interface.sv
./verilog/rvv/sve/rvv_backend_tb/src/rvv_intern_interface.sv
./verilog/rvv/sve/rvv_backend_tb/src/rvs_agent_vrf_monitor.sv
./verilog/rvv/sve/rvv_backend_tb/src/rvs_agent_vrf_transaction.sv
./verilog/rvv/sve/rvv_backend_tb/src/rvs_agent_rvs_monitor.sv
./verilog/rvv/sve/rvv_backend_tb/src/lsu_agent_lsu_monitor.sv
./verilog/rvv/sve/rvv_backend_tb/src/lsu_agent_lsu_sequencer.sv
./verilog/rvv/sve/rvv_backend_tb/src/rvv_zve32x_inst_sequences.sv
./verilog/rvv/sve/rvv_backend_tb/src/rvs_agent_rvs_driver.sv
./verilog/rvv/sve/rvv_backend_tb/src/rvv_behavior_model.sv
./verilog/rvv/sve/rvv_backend_tb/src/lsu_agent_lsu_interface.sv
./verilog/rvv/sve/rvv_backend_tb/src/rvs_agent_rvs_sequencer.sv
./verilog/rvv/sve/rvv_backend_tb/src/rvv_cov.sv
./verilog/rvv/sve/rvv_backend_tb/src/lsu_agent_lsu_driver.sv
./verilog/rvv/sve/rvv_backend_tb/src/rvs_agent_vrf_interface.sv
./verilog/rvv/sve/rvv_backend_tb/env/rvs_agent.sv
./verilog/rvv/sve/rvv_backend_tb/env/lsu_agent.sv
./verilog/rvv/sve/rvv_backend_tb/env/rvv_backend_env.sv
./verilog/rvv/sve/rvv_backend_tb/include/rvv_backend_tb.sv
