Aligner_119_4.sv
Aligner.sv
Alu.sv
Alu_Verification_Assert.sv
Arbiter4_MluCmd.sv
Arbiter4_RegfileWriteDataIO.sv
AxiSlave.sv
AxiSlave_Verification_Assert.sv
Bru_1.sv
Bru_1_Verification_Assert.sv
Bru.sv
Bru_Verification_Assert.sv
cdffr.sv
CircularBufferMulti_1.sv
CircularBufferMulti_1_Verification_Assert.sv
CircularBufferMulti_2.sv
CircularBufferMulti_2_Verification_Assert.sv
CircularBufferMulti.sv
CircularBufferMulti_Verification_Assert.sv
ClockGate.sv
compressor_3_2.sv
compressor_4_2.sv
CoralNPURRArbiter.sv
CoreCSR.sv
Csr.sv
Csr_Verification_Assert.sv
DBus2AxiV2.sv
DBus2AxiV2_Verification_Assert.sv
dff.sv
DispatchV2.sv
DispatchV2_Verification_Assert.sv
Dvu.sv
edff_2d.sv
edff.sv
FabricArbiter.sv
FabricArbiter_Verification_Assert.sv
FabricMux.sv
FabricMux_Verification_Assert.sv
FaultManager.sv
FetchControl.sv
FetchControl_Verification_Assert.sv
Fetcher.sv
FloatCore.sv
FloatCoreWrapper.sv
fpnew_cast_multi.sv
fpnew_classifier.sv
fpnew_divsqrt_th_32.sv
fpnew_fma_multi.sv
fpnew_fma.sv
fpnew_noncomp.sv
fpnew_opgroup_block.sv
fpnew_opgroup_fmt_slice.sv
fpnew_opgroup_multifmt_slice.sv
fpnew_rounding.sv
fpnew_top.sv
FRegfile.sv
FRegfile_Verification_Assert.sv
gated_clk_cell.sv
InstructionBuffer.sv
InstructionBuffer_Verification_Assert.sv
LsuV2.sv
LsuV2_Verification_Assert.sv
lzc.sv
Mlu.sv
Mlu_Verification_Assert.sv
multi_fifo.sv
pa_fdsu_ctrl.sv
pa_fdsu_ff1.sv
pa_fdsu_pack_single.sv
pa_fdsu_prepare.sv
pa_fdsu_round_single.sv
pa_fdsu_special.sv
pa_fdsu_srt_single.sv
pa_fdsu_top.sv
pa_fpu_dp.sv
pa_fpu_frbus.sv
pa_fpu_src_type.sv
Queue1_FloatInstruction.sv
Queue1_MluStage1.sv
Queue1_MluStage2.sv
Queue1_RWAxiAddress.sv
Queue2_AxiAddress.sv
Queue2_AxiWriteData.sv
Queue2_AxiWriteResponse.sv
Queue2_RegfileWriteDataIO.sv
Queue3_AxiReadData.sv
Queue3_AxiWriteData.sv
ram_2x145.sv
ram_2x37.sv
ram_2x67.sv
ram_2x8.sv
ram_3x137.sv
ram_3x145.sv
Regfile.sv
Regfile_Verification_Assert.sv
RetirementBuffer.sv
RetirementBuffer_Verification_Assert.sv
rr_arb_tree.sv
RstSync.sv
rvv_backend_alu.sv
rvv_backend_alu_unit_addsub.sv
rvv_backend_alu_unit_execution_p1.sv
rvv_backend_alu_unit_mask.sv
rvv_backend_alu_unit_mask_viota32.sv
rvv_backend_alu_unit_mask_viota4.sv
rvv_backend_alu_unit_mask_viota7.sv
rvv_backend_alu_unit_other.sv
rvv_backend_alu_unit_shift.sv
rvv_backend_alu_unit.sv
rvv_backend_decode_ctrl.sv
rvv_backend_decode.sv
rvv_backend_decode_unit_ari.sv
rvv_backend_decode_unit_lsu.sv
rvv_backend_decode_unit.sv
rvv_backend_dispatch_bypass.sv
rvv_backend_dispatch_ctrl.sv
rvv_backend_dispatch_operand.sv
rvv_backend_dispatch_opr_byte_type.sv
rvv_backend_dispatch_raw_uop_rob.sv
rvv_backend_dispatch_raw_uop_uop.sv
rvv_backend_dispatch_structure_hazard.sv
rvv_backend_dispatch.sv
rvv_backend_div.sv
rvv_backend_div_unit_divider.sv
rvv_backend_div_unit.sv
rvv_backend_lsu_remap.sv
rvv_backend_mac_unit.sv
rvv_backend_mulmac.sv
rvv_backend_mul_unit_mul8.sv
rvv_backend_mul_unit.sv
rvv_backend_pmtrdt.sv
rvv_backend_pmtrdt_unit.sv
rvv_backend_retire.sv
rvv_backend_rob.sv
rvv_backend.sv
rvv_backend_vrf_reg.sv
rvv_backend_vrf.sv
RvvCoreMiniAxi.sv
RvvCoreMini.sv
RvvCoreShim.sv
RvvCore.sv
RvvCoreWrapper.sv
RvvFrontEnd.sv
SCore.sv
SCore_Verification_Assert.sv
SRAM_1.sv
SRAM_1_Verification_Assert.sv
Sram_2048x128.sv
SRAM_2048x128.sv
Sram_512x128.sv
SRAM_512x128.sv
SRAM.sv
SRAM_Verification_Assert.sv
TCM128_1.sv
TCM128.sv
UncachedFetch.sv
